[FABRIC:MT] true
[FABRIC:MT] true
[FABRIC:MT] line 01
[FABRIC:MT] line 02
[FABRIC:MT] line 03
[FABRIC:MT] line 04
[FABRIC:MT] 
[FABRIC:MT] true
